// Jest Snapshot v1, https://goo.gl/fbAQLP

exports[`App Component creates a valid component tree after successful configuration 1`] = `
<RNCSafeAreaProvider
  onInsetsChange={[Function]}
  style={
    [
      {
        "flex": 1,
      },
      undefined,
    ]
  }
>
  <RNSScreenStack
    style={
      {
        "flex": 1,
      }
    }
  >
    <RNSScreen
      activityState={2}
      aria-hidden={false}
      collapsable={false}
      fullScreenSwipeShadowEnabled={true}
      gestureResponseDistance={
        {
          "bottom": -1,
          "end": -1,
          "start": -1,
          "top": -1,
        }
      }
      hasLargeHeader={false}
      nativeBackButtonDismissalEnabled={false}
      onAppear={[Function]}
      onDisappear={[Function]}
      onDismissed={[Function]}
      onGestureCancel={[Function]}
      onHeaderBackButtonClicked={[Function]}
      onHeaderHeightChange={[Function]}
      onNativeDismissCancelled={[Function]}
      onSheetDetentChanged={[Function]}
      onTransitionProgress={[Function]}
      onWillAppear={[Function]}
      onWillDisappear={[Function]}
      replaceAnimation="push"
      sheetAllowedDetents={
        [
          1,
        ]
      }
      sheetCornerRadius={-1}
      sheetElevation={24}
      sheetExpandsWhenScrolledToEdge={true}
      sheetGrabberVisible={false}
      sheetInitialDetent={0}
      sheetInitialDetentIndex={0}
      sheetLargestUndimmedDetent={-1}
      sheetLargestUndimmedDetentIndex={-1}
      stackPresentation="push"
      style={
        [
          [
            {
              "bottom": 0,
              "left": 0,
              "position": "absolute",
              "right": 0,
              "top": 0,
            },
            undefined,
          ],
          {
            "zIndex": undefined,
          },
        ]
      }
      swipeDirection="horizontal"
    >
      <RNSScreenContentWrapper
        collapsable={false}
        style={
          [
            {
              "flex": 1,
            },
            [
              {
                "backgroundColor": "rgb(242, 242, 242)",
              },
              undefined,
            ],
          ]
        }
      >
        <RCTSafeAreaView
          style={
            {
              "backgroundColor": "#f5f7fa",
              "flex": 1,
            }
          }
        >
          <RCTScrollView
            style={
              {
                "flex": 1,
                "padding": 16,
              }
            }
          >
            <View>
              <Text
                style={
                  {
                    "color": "#2c3e50",
                    "fontSize": 28,
                    "fontWeight": "bold",
                    "marginBottom": 8,
                    "textAlign": "center",
                  }
                }
              >
                🚤 Boat Rental v6
              </Text>
              <Text
                style={
                  {
                    "color": "#7f8c8d",
                    "fontSize": 16,
                    "marginBottom": 20,
                    "textAlign": "center",
                  }
                }
              >
                AWS Amplify v6 + React Native 0.79.5 + React 19.1.0
              </Text>
              <View
                style={
                  {
                    "backgroundColor": "white",
                    "borderRadius": 12,
                    "elevation": 3,
                    "marginBottom": 20,
                    "padding": 20,
                    "shadowColor": "#000",
                    "shadowOffset": {
                      "height": 2,
                      "width": 0,
                    },
                    "shadowOpacity": 0.1,
                    "shadowRadius": 4,
                  }
                }
              >
                <Text
                  style={
                    {
                      "color": "#2c3e50",
                      "fontSize": 18,
                      "fontWeight": "bold",
                      "marginBottom": 10,
                      "textAlign": "center",
                    }
                  }
                >
                  🚀 AWS Amplify v6 Status
                </Text>
                <Text
                  style={
                    [
                      {
                        "fontSize": 16,
                        "fontWeight": "600",
                        "marginBottom": 20,
                        "textAlign": "center",
                      },
                      {
                        "color": "#27ae60",
                      },
                    ]
                  }
                >
                  ✅ AWS v6 Completamente Funcional
                </Text>
                <View
                  style={
                    {
                      "flexDirection": "row",
                      "justifyContent": "space-between",
                    }
                  }
                >
                  <View
                    accessibilityState={
                      {
                        "busy": undefined,
                        "checked": undefined,
                        "disabled": undefined,
                        "expanded": undefined,
                        "selected": undefined,
                      }
                    }
                    accessibilityValue={
                      {
                        "max": undefined,
                        "min": undefined,
                        "now": undefined,
                        "text": undefined,
                      }
                    }
                    accessible={true}
                    collapsable={false}
                    focusable={true}
                    onClick={[Function]}
                    onResponderGrant={[Function]}
                    onResponderMove={[Function]}
                    onResponderRelease={[Function]}
                    onResponderTerminate={[Function]}
                    onResponderTerminationRequest={[Function]}
                    onStartShouldSetResponder={[Function]}
                    style={
                      {
                        "backgroundColor": "#3498db",
                        "borderRadius": 8,
                        "flex": 1,
                        "marginRight": 8,
                        "opacity": 1,
                        "paddingVertical": 12,
                      }
                    }
                  >
                    <Text
                      style={
                        {
                          "color": "white",
                          "fontSize": 14,
                          "fontWeight": "600",
                          "textAlign": "center",
                        }
                      }
                    >
                      🔍 Estado AWS
                    </Text>
                  </View>
                  <View
                    accessibilityState={
                      {
                        "busy": undefined,
                        "checked": undefined,
                        "disabled": undefined,
                        "expanded": undefined,
                        "selected": undefined,
                      }
                    }
                    accessibilityValue={
                      {
                        "max": undefined,
                        "min": undefined,
                        "now": undefined,
                        "text": undefined,
                      }
                    }
                    accessible={true}
                    collapsable={false}
                    focusable={true}
                    onClick={[Function]}
                    onResponderGrant={[Function]}
                    onResponderMove={[Function]}
                    onResponderRelease={[Function]}
                    onResponderTerminate={[Function]}
                    onResponderTerminationRequest={[Function]}
                    onStartShouldSetResponder={[Function]}
                    style={
                      {
                        "backgroundColor": "#e67e22",
                        "borderRadius": 8,
                        "flex": 1,
                        "marginLeft": 8,
                        "opacity": 1,
                        "paddingVertical": 12,
                      }
                    }
                  >
                    <Text
                      style={
                        {
                          "color": "white",
                          "fontSize": 14,
                          "fontWeight": "600",
                          "textAlign": "center",
                        }
                      }
                    >
                      🔐 Login Demo
                    </Text>
                  </View>
                </View>
              </View>
              <View
                style={
                  {
                    "marginBottom": 20,
                  }
                }
              >
                <Text
                  style={
                    {
                      "color": "#2c3e50",
                      "fontSize": 20,
                      "fontWeight": "bold",
                      "marginBottom": 16,
                    }
                  }
                >
                  📋 Boats Status Dashboard
                </Text>
                <View
                  style={
                    {
                      "backgroundColor": "white",
                      "borderRadius": 8,
                      "elevation": 2,
                      "marginBottom": 12,
                      "padding": 16,
                      "shadowColor": "#000",
                      "shadowOffset": {
                        "height": 1,
                        "width": 0,
                      },
                      "shadowOpacity": 0.1,
                      "shadowRadius": 2,
                    }
                  }
                >
                  <View
                    style={
                      {
                        "alignItems": "center",
                        "flexDirection": "row",
                        "justifyContent": "space-between",
                        "marginBottom": 8,
                      }
                    }
                  >
                    <Text
                      style={
                        {
                          "color": "#2c3e50",
                          "fontSize": 16,
                          "fontWeight": "600",
                        }
                      }
                    >
                      Enterprise v6
                    </Text>
                    <Text
                      style={
                        {
                          "color": "#27ae60",
                          "fontSize": 16,
                          "fontWeight": "bold",
                        }
                      }
                    >
                      $
                      350
                      /día
                    </Text>
                  </View>
                  <Text
                    style={
                      [
                        {
                          "fontSize": 14,
                          "fontWeight": "500",
                        },
                        {
                          "color": "#27ae60",
                        },
                      ]
                    }
                  >
                    AWS Ready ✅
                  </Text>
                </View>
                <View
                  style={
                    {
                      "backgroundColor": "white",
                      "borderRadius": 8,
                      "elevation": 2,
                      "marginBottom": 12,
                      "padding": 16,
                      "shadowColor": "#000",
                      "shadowOffset": {
                        "height": 1,
                        "width": 0,
                      },
                      "shadowOpacity": 0.1,
                      "shadowRadius": 2,
                    }
                  }
                >
                  <View
                    style={
                      {
                        "alignItems": "center",
                        "flexDirection": "row",
                        "justifyContent": "space-between",
                        "marginBottom": 8,
                      }
                    }
                  >
                    <Text
                      style={
                        {
                          "color": "#2c3e50",
                          "fontSize": 16,
                          "fontWeight": "600",
                        }
                      }
                    >
                      Alpha GraphQL
                    </Text>
                    <Text
                      style={
                        {
                          "color": "#27ae60",
                          "fontSize": 16,
                          "fontWeight": "bold",
                        }
                      }
                    >
                      $
                      200
                      /día
                    </Text>
                  </View>
                  <Text
                    style={
                      [
                        {
                          "fontSize": 14,
                          "fontWeight": "500",
                        },
                        {
                          "color": "#27ae60",
                        },
                      ]
                    }
                  >
                    GraphQL Ready ✅
                  </Text>
                </View>
                <View
                  style={
                    {
                      "backgroundColor": "white",
                      "borderRadius": 8,
                      "elevation": 2,
                      "marginBottom": 12,
                      "padding": 16,
                      "shadowColor": "#000",
                      "shadowOffset": {
                        "height": 1,
                        "width": 0,
                      },
                      "shadowOpacity": 0.1,
                      "shadowRadius": 2,
                    }
                  }
                >
                  <View
                    style={
                      {
                        "alignItems": "center",
                        "flexDirection": "row",
                        "justifyContent": "space-between",
                        "marginBottom": 8,
                      }
                    }
                  >
                    <Text
                      style={
                        {
                          "color": "#2c3e50",
                          "fontSize": 16,
                          "fontWeight": "600",
                        }
                      }
                    >
                      Beta Auth
                    </Text>
                    <Text
                      style={
                        {
                          "color": "#27ae60",
                          "fontSize": 16,
                          "fontWeight": "bold",
                        }
                      }
                    >
                      $
                      150
                      /día
                    </Text>
                  </View>
                  <Text
                    style={
                      [
                        {
                          "fontSize": 14,
                          "fontWeight": "500",
                        },
                        {
                          "color": "#f39c12",
                        },
                      ]
                    }
                  >
                    Auth Pending ⚠️
                  </Text>
                </View>
              </View>
              <View
                style={
                  {
                    "backgroundColor": "#ecf0f1",
                    "borderRadius": 8,
                    "marginTop": 20,
                    "padding": 16,
                  }
                }
              >
                <Text
                  style={
                    {
                      "color": "#2c3e50",
                      "fontSize": 16,
                      "fontWeight": "bold",
                      "marginBottom": 8,
                    }
                  }
                >
                  📊 Sistema Status
                </Text>
                <Text
                  style={
                    {
                      "color": "#34495e",
                      "fontSize": 14,
                      "lineHeight": 20,
                    }
                  }
                >
                  ✅ React 19.1.0 + New Architecture
                  

                  ✅ React Native 0.79.5
                  

                  ✅ Expo SDK 53.0.20
                  

                  ✅ Metro 0.82.5
                  

                  ✅ AWS Amplify v6.6.0
                  

                  ✅
                   AWS Configurado
                  

                  ✅
                   GraphQL Client Ready
                  

                  🔐 Login Demo: Funcional
                </Text>
              </View>
            </View>
          </RCTScrollView>
        </RCTSafeAreaView>
      </RNSScreenContentWrapper>
      <RNSScreenStackHeaderConfig
        backButtonInCustomView={false}
        backTitleFontFamily="System"
        backTitleVisible={true}
        backgroundColor="rgb(255, 255, 255)"
        color="rgb(0, 122, 255)"
        direction="ltr"
        disableBackButtonMenu={false}
        hidden={false}
        hideBackButton={false}
        largeTitleFontFamily="System"
        largeTitleFontWeight="700"
        largeTitleHideShadow={false}
        pointerEvents="box-none"
        style={
          {
            "alignItems": "center",
            "flexDirection": "row",
            "justifyContent": "space-between",
            "position": "absolute",
            "width": "100%",
          }
        }
        title="Boat Rental App"
        titleColor="rgb(28, 28, 30)"
        titleFontFamily="System"
        titleFontWeight="600"
        topInsetEnabled={true}
        translucent={false}
      />
    </RNSScreen>
  </RNSScreenStack>
</RNCSafeAreaProvider>
`;
